exports[`dom snapshot > toMatchSnapshot #0`] = `
<main class="usa-layout-docs__main desktop:grid-col-9 usa-prose">
  <h1 id="about-this-site">About this site</h1>

  <h2 id="what-is-madeinamericagov">What Is MadeinAmerica.gov?</h2>

  <p>
    This site is designed to promote transparency in federal procurement by
    enabling manufacturers and other interested parties to easily identify
    opportunities by reviewing waivers to Made in America laws. This renewed
    emphasis on Made in America laws is a key facet in a broader economic
    strategy to increase U.S. productivity and global competitiveness, as well
    as the resiliency of our manufacturing base to market volatility and
    manipulation.
  </p>

  <p>
    This site provides initial information on historical waivers as well as
    current waivers resulting from initial implementation of Executive Order
    14005:
    <em
      ><a
        href="https://www.whitehouse.gov/briefing-room/presidential-actions/2021/01/25/executive-order-on-ensuring-the-future-is-made-in-all-of-america-by-all-of-americas-workers/"
        target="_blank"
        rel="noreferrer"
        class="usa-link--external"
        >Ensuring the Future Is Made in All of America by All of America’s
        Workers</a
      ></em
    >. This site will continue evolving and incorporating more information, so
    please check back often.
  </p>
</main>
`;

exports[`dom snapshot > toMatchSnapshot #1`] = `
<main class="usa-layout-docs__main desktop:grid-col-9 usa-prose">
  <h1 id="contact">Contact</h1>
  <p>
    Questions about the Made in America Office or Waivers can be sent to
    <a
      href="mailto:MadeInAmerica@omb.eop.gov"
      target="_blank"
      rel="noreferrer"
      class="usa-link--external"
      >the Made in America office.</a
    >
  </p>

  <p>
    <a
      href="https://www.gsa.gov/about-us/contact-us"
      target="_blank"
      rel="noreferrer"
      class="usa-link--external"
      >Questions about the U.S. General Services Administration (GSA)? Visit
      GSA.gov for more information.</a
    >
  </p>

  <p>
    Suspected fraud, waste, and mismanagement should be reported to the GSA
    Inspector General.
    <a
      href="https://www.gsa.gov/about-us/organization/gsa-office-of-inspector-general"
      target="_blank"
      rel="noreferrer"
      class="usa-link--external"
      >Learn more about what constitutes fraud and how to report by visiting the
      GSA Office of the Inspector General’s website.</a
    >
  </p>
</main>
`;

exports[`dom snapshot > toMatchSnapshot #2`] = `
<main class="usa-layout-docs__main desktop:grid-col-9 usa-prose">
  <h1 id="accessibility">Accessibility</h1>

  <p>
    We are committed to providing access to all individuals—with or without
    disabilities—seeking information on our site. We’ve built this website to
    conform to the
    <a
      href="https://www.section508.gov"
      target="_blank"
      rel="noreferrer"
      class="usa-link--external"
      >Section 508 of the Rehabilitation Act (as amended)</a
    >, which requires that all individuals with disabilities (whether federal
    employees or members of the general public) have access to, and use of,
    information and data comparable to that provided to individuals without
    disabilities, unless an undue burden would be imposed on us.
  </p>

  <p>
    <a
      href="https://www.gsa.gov/website-information/website-policies#accessibility"
      target="_blank"
      rel="noreferrer"
      class="usa-link--external"
      >Learn more about GSA’s Accessibility Policy</a
    >
  </p>
</main>
`;

exports[`dom snapshot > toMatchSnapshot #3`] = `
<main class="usa-layout-docs__main desktop:grid-col-9 usa-prose">
  <h1 id="privacy">Privacy</h1>

  <p>
    Our privacy policy is simple. Unless you choose to provide additional
    information to us, we will collect no personal information about you other
    than statistical information that can be used to make the site more
    effective for all our visitors.
  </p>

  <h2 id="information-we-gather">Information We Gather</h2>
  <p>
    We use Google Analytics to collect and store information about your visit to
    our site. This information includes:
  </p>

  <ul>
    <li>
      Environmental information such as the location of your IP address, the
      language you are browsing in, and the technical specifications of the
      device and browser you are using;
    </li>
    <li>
      Behavioral information such as the date and time of your visit, the pages
      you visit, links you clicked on the site, and the name of the domain from
      which you access the Internet (i.e., DHS.gov if you are connecting from a
      DHS account, or GMU.edu if you are connecting from George Mason
      University’s domain); and
    </li>
    <li>
      Acquisition information such as the Internet address of the website you
      came from if it linked you directly to GSA.gov and search terms that you
      enter into the GSA.gov search tool.
    </li>
  </ul>

  <p>
    If your browser accepts cookies, we may use a session cookie to learn how
    many different visitors come to GSA.gov. We use this information for
    statistical purposes and to help us make our site more useful. We do not
    collect personally identifiable information nor do we sell this data to
    anyone.
  </p>

  <p>
    <a
      href="https://www.usa.gov/optout-instructions"
      target="_blank"
      rel="noreferrer"
      class="usa-link--external"
      >Learn more about how Google Analytics safeguards data</a
    >.
  </p>
</main>
`;

exports[`dom snapshot > toMatchSnapshot #4`] = `
<main class="usa-layout-docs__main desktop:grid-col-9 usa-prose">
  <h1 id="resources">Resources</h1>

  <ul>
    <li>
      <p>
        <a
          href="https://www.sba.gov/"
          target="_blank"
          rel="noreferrer"
          class="usa-link--external"
          >Visit the U.S. Small Business Administration’s website for more
          information for and about small businesses.</a
        >
      </p>
    </li>
    <li>
      <p>
        <a
          href="https://www.sam.gov"
          target="_blank"
          rel="noreferrer"
          class="usa-link--external"
          >Visit SAM.gov to register to do business with the U.S. government.</a
        >
      </p>
    </li>
    <li>
      <p>
        <a
          href="https://www.gsa.gov"
          target="_blank"
          rel="noreferrer"
          class="usa-link--external"
          >Learn more about the GSA Schedule program from GSA.gov.</a
        >
      </p>
    </li>
    <li>
      <p>
        <a
          href="https://www.whitehouse.gov/briefing-room/statements-releases/2021/01/25/president-biden-to-sign-executive-order-strengthening-buy-american-provisions-ensuring-future-of-america-is-made-in-america-by-all-of-americas-workers/"
          target="_blank"
          rel="noreferrer"
          class="usa-link--external"
          >Read the Executive Order.</a
        >
      </p>
    </li>
  </ul>
</main>
`;

exports[`dom snapshot > toMatchSnapshot #5`] = `
<main class="usa-layout-docs__main desktop:grid-col-9 usa-prose">
  <h1 id="support">Support</h1>
  <p>
    Answers to your questions about government programs and services can be
    found at
    <a
      href="https://www.usa.gov"
      target="_blank"
      rel="noreferrer"
      class="usa-link--external"
      >USA.gov</a
    >.
  </p>
</main>
`;

exports[`dom snapshot > toMatchSnapshot #6`] = `
<main class="usa-layout-docs__main desktop:grid-col-9 usa-prose">
  <h1 id="website-policy">Website Policy</h1>

  <p>
    This website links to publicly available websites that are government-owned
    or government sponsored, including domains ending in .gov, .mil and .us. We
    may also link to quasi-government agencies and websites created by
    public/private partnerships; state and local government sites (e.g.,
    maryland.gov for the State of Maryland); and government-sponsored websites
    that end in .com, .org, or .net (e.g., usps.com for the U.S. Postal
    Service).
  </p>

  <p>
    This website may link to non-government websites, if they provide relevant
    information that’s not available on an official government website. We
    provide these links as a public service only; the U.S. government, including
    GSA, neither endorses nor guarantees in any way the external organizations,
    services, advice, or products included in these website links. Furthermore,
    the U.S. government neither controls nor guarantees the accuracy, relevance,
    timeliness or completeness of the information contained in non-government
    website links.
  </p>

  <p>
    Other government and non-government links with the “external link” icon
    indicate that you are leaving the GSA website when you click the link.
  </p>
</main>
`;

exports[`dom snapshot > toMatchSnapshot #7`] = `
<main class="usa-layout-docs__main desktop:grid-col-12 usa-prose">
  <div>
    <div class="grid-container padding-0 margin-bottom-3">
      <div
        class="grid-row flex-align-end"
        style="justify-content: space-between"
      >
        <div class="tablet:grid-col-6">
          <h1 class="margin-0 font-family-sans">Non-Availability Waivers</h1>
          <p class="margin-0 margin-0 font-sans-sm">
            Waivers reviewed by Made in America Office.
          </p>
        </div>
      </div>
    </div>
  </div>

  <div id="results-container" class="usa-accordion">
    <div></div>

    <!-- start accordion item -->
    <div
      class="usa-accordion__heading waiver border border-base-lighter radius-sm"
    >
      <button
        class="usa-accordion__button bg-transparent padding-x-6 padding-y-3 text-base-darker"
        aria-expanded="false"
        aria-controls="2840"
      >
        <div class="grid-row flex-row">
          <div class="desktop:grid-col-4 desktop:margin-right-4 margin-y-1">
            <p class="margin-0"><b>Procurement Title</b></p>
            <p class="margin-0 text-normal">
              T700 Turboshaft Engine
            </p>
          </div>
          <div class="desktop:grid-col-4 desktop:margin-right-4 margin-y-1 ">
            <p class="margin-0"><b>Contracting Office Agency Name</b></p>
            <p class="margin-0 text-normal">
              Defense Logistics Agency - Aviation
            </p>
          </div>
          <div class="desktop:grid-col-3 margin-y-1">
            <p class="margin-0"><b>Product Service Code (PSC)</b></p>
            <p class="margin-0 text-normal">2840</p>
          </div>
        </div>
      </button>
    </div>
    <div
      id="2840"
      class="usa-accordion__content usa-prose border border-base-lighter radius-sm"
    >
      <div
        class="usa-prose padding-x-4 text-base-darker font-sans-sm margin-bottom-2"
      >
        <div class="margin-0 font-sans-lg text-bold">
          Summary of Procurement
        </div>
        <div class="margin-0 font-sans-xs">
          Performance-based logistics contract supporting GE T700 Engine
          consumables for US Army Depot (CCAD) and World-wide/FMS customers.
        </div>

        <div
          class="grid-row flex-row text-base-darker font-sans-sm margin-top-4"
          style="justify-content: space-between"
        >
          <div class="tablet:grid-col-6 tablet:padding-right-4">
            <div class="margin-bottom-2">
              <div class="margin-0 font-sans-xs text-bold">
                Contracting Office Agency ID
              </div>
              <p class="margin-0 font-sans-xs">DLA AB</p>
            </div>
            <div class="margin-bottom-2">
              <div class="margin-0 font-sans-xs text-bold">
                Funding Agency ID
              </div>
              <p class="margin-0 font-sans-xs">DLA-A</p>
            </div>
            <div class="margin-bottom-2">
              <div class="margin-0 font-sans-xs text-bold">
                Procurement Stage
              </div>
              <p class="margin-0 font-sans-xs">Post-Solicitation</p>
            </div>
            <div class="margin-bottom-2">
              <div class="margin-0 font-sans-xs text-bold">
                North American Industry Classification System (NAICS)
              </div>
              <p class="margin-0 font-sans-xs">336412</p>
            </div>
            <div class="margin-bottom-2 margin-right-2">
              <div class="margin-0 font-sans-xs text-bold">
                Did / Will the solicitation include one of the standard BAA
                provisions (e.g., 52-225-1, Buy American- Supplies, 52.225–9,
                Buy American—Construction Materials) announcing the agency’s
                intention to provide a price preference for domestic end
                products and construction material?
              </div>
              <p class="margin-0 font-sans-xs">No</p>
            </div>
          </div>
          <!-- end col 1 -->
          <div class="tablet:grid-col-6">
            <div class="margin-bottom-2">
              <div class="margin-0 font-sans-xs text-bold">
                Contracting Office Agency Name
              </div>
              <p class="margin-0 font-sans-xs">
                Defense Logistics Agency - Aviation
              </p>
            </div>
            <div class="margin-bottom-2">
              <div class="margin-0 font-sans-xs text-bold">
                Funding Agency Name
              </div>
              <p class="margin-0 font-sans-xs">
                DLA Aviation
              </p>
            </div>
            <div class="margin-bottom-2">
              <div class="margin-0 font-sans-xs text-bold">
                Expected Maximum Duration of the Requested Waiver
              </div>
              <p class="margin-0 font-sans-xs">More than 5 years</p>
            </div>
            <div class="margin-bottom-2">
              <div class="margin-0 font-sans-xs text-bold">
                Was a sources sought or Request for Information issued?
              </div>
              <p class="margin-0 font-sans-xs">Yes</p>
            </div>
            <div class="margin-bottom-2">
              <div class="margin-0 font-sans-xs text-bold">
                Waiver Rationale Summary
              </div>
              <p class="margin-0 font-sans-xs">
                Mission failure due to inability to procure T700 Engine parts.
              </p>
            </div>
            <div class="margin-bottom-2">
              <div class="margin-0 font-sans-xs text-bold">Waiver Coverage</div>
              <p class="margin-0 font-sans-xs">Individual Waiver</p>
            </div>
          </div>
        </div>
      </div>
    </div>
    <!-- end accordion item -->

    <div></div>

    <!-- start accordion item -->
    <div
      class="usa-accordion__heading waiver border border-base-lighter radius-sm"
    >
      <button
        class="usa-accordion__button bg-transparent padding-x-6 padding-y-3 text-base-darker"
        aria-expanded="false"
        aria-controls="6670"
      >
        <div class="grid-row flex-row">
          <div class="desktop:grid-col-4 desktop:margin-right-4 margin-y-1">
            <p class="margin-0"><b>Procurement Title</b></p>
            <p class="margin-0 text-normal">
              Procurement of Laboratory Information Management System (LIMS)
              Integrated Analytical Balance
            </p>
          </div>
          <div class="desktop:grid-col-4 desktop:margin-right-4 margin-y-1 ">
            <p class="margin-0"><b>Contracting Office Agency Name</b></p>
            <p class="margin-0 text-normal">
              Office of the Assistant Secretary for Administration and
              Management
            </p>
          </div>
          <div class="desktop:grid-col-3 margin-y-1">
            <p class="margin-0"><b>Product Service Code (PSC)</b></p>
            <p class="margin-0 text-normal">6670</p>
          </div>
        </div>
      </button>
    </div>
    <div
      id="6670"
      class="usa-accordion__content usa-prose border border-base-lighter radius-sm"
    >
      <div
        class="usa-prose padding-x-4 text-base-darker font-sans-sm margin-bottom-2"
      >
        <div class="margin-0 font-sans-lg text-bold">
          Summary of Procurement
        </div>
        <div class="margin-0 font-sans-xs">
          This is a request to purchase one LIMS Integrated Analytical Balance,
          to include installation, calibration, and a service plan.
        </div>

        <div
          class="grid-row flex-row text-base-darker font-sans-sm margin-top-4"
          style="justify-content: space-between"
        >
          <div class="tablet:grid-col-6 tablet:padding-right-4">
            <div class="margin-bottom-2">
              <div class="margin-0 font-sans-xs text-bold">
                Contracting Office Agency ID
              </div>
              <p class="margin-0 font-sans-xs">1605</p>
            </div>
            <div class="margin-bottom-2">
              <div class="margin-0 font-sans-xs text-bold">
                Funding Agency ID
              </div>
              <p class="margin-0 font-sans-xs">1650</p>
            </div>
            <div class="margin-bottom-2">
              <div class="margin-0 font-sans-xs text-bold">
                Procurement Stage
              </div>
              <p class="margin-0 font-sans-xs">Pre-Solicitation</p>
            </div>
            <div class="margin-bottom-2">
              <div class="margin-0 font-sans-xs text-bold">
                North American Industry Classification System (NAICS)
              </div>
              <p class="margin-0 font-sans-xs">333997</p>
            </div>
            <div class="margin-bottom-2 margin-right-2">
              <div class="margin-0 font-sans-xs text-bold">
                Did / Will the solicitation include one of the standard BAA
                provisions (e.g., 52-225-1, Buy American- Supplies, 52.225–9,
                Buy American—Construction Materials) announcing the agency’s
                intention to provide a price preference for domestic end
                products and construction material?
              </div>
              <p class="margin-0 font-sans-xs">Yes</p>
            </div>
          </div>
          <!-- end col 1 -->
          <div class="tablet:grid-col-6">
            <div class="margin-bottom-2">
              <div class="margin-0 font-sans-xs text-bold">
                Contracting Office Agency Name
              </div>
              <p class="margin-0 font-sans-xs">
                Office of the Assistant Secretary for Administration and
                Management
              </p>
            </div>
            <div class="margin-bottom-2">
              <div class="margin-0 font-sans-xs text-bold">
                Funding Agency Name
              </div>
              <p class="margin-0 font-sans-xs">
                Occupational Safety and Health Administration
              </p>
            </div>
            <div class="margin-bottom-2">
              <div class="margin-0 font-sans-xs text-bold">
                Expected Maximum Duration of the Requested Waiver
              </div>
              <p class="margin-0 font-sans-xs">Instant Delivery Only</p>
            </div>
            <div class="margin-bottom-2">
              <div class="margin-0 font-sans-xs text-bold">
                Was a sources sought or Request for Information issued?
              </div>
              <p class="margin-0 font-sans-xs">No</p>
            </div>
            <div class="margin-bottom-2">
              <div class="margin-0 font-sans-xs text-bold">
                Waiver Rationale Summary
              </div>
              <p class="margin-0 font-sans-xs">
                Multiple analytical balances were found that meet SLTC s
                requirements, but there were no products manufactured
                domestically. The two models found are sold by U.S. based
                companies; Mettler-Toledo, LLC and Sartorius Corporation,
                however, their products are manufactured in Switzerland and
                Germany, respectively.
              </p>
            </div>
            <div class="margin-bottom-2">
              <div class="margin-0 font-sans-xs text-bold">Waiver Coverage</div>
              <p class="margin-0 font-sans-xs">Individual Waiver</p>
            </div>
          </div>
        </div>
      </div>
    </div>
    <!-- end accordion item -->

    <div></div>

    <!-- start accordion item -->
    <div
      class="usa-accordion__heading waiver border border-base-lighter radius-sm"
    >
      <button
        class="usa-accordion__button bg-transparent padding-x-6 padding-y-3 text-base-darker"
        aria-expanded="false"
        aria-controls="5220"
      >
        <div class="grid-row flex-row">
          <div class="desktop:grid-col-4 desktop:margin-right-4 margin-y-1">
            <p class="margin-0"><b>Procurement Title</b></p>
            <p class="margin-0 text-normal">
              Pylon AB7 Monitor
            </p>
          </div>
          <div class="desktop:grid-col-4 desktop:margin-right-4 margin-y-1 ">
            <p class="margin-0"><b>Contracting Office Agency Name</b></p>
            <p class="margin-0 text-normal">
              Office of the Assistant Secretary for Administration and
              Management
            </p>
          </div>
          <div class="desktop:grid-col-3 margin-y-1">
            <p class="margin-0"><b>Product Service Code (PSC)</b></p>
            <p class="margin-0 text-normal">5220</p>
          </div>
        </div>
      </button>
    </div>
    <div
      id="5220"
      class="usa-accordion__content usa-prose border border-base-lighter radius-sm"
    >
      <div
        class="usa-prose padding-x-4 text-base-darker font-sans-sm margin-bottom-2"
      >
        <div class="margin-0 font-sans-lg text-bold">
          Summary of Procurement
        </div>
        <div class="margin-0 font-sans-xs">
          The OSHA SLTC Health Response Team (HRT) uses portable radiation
          monitors to support Compliance Safety and Health Officer (CSHO)
          inspections of worker exposures to airborne radon hazards in a variety
          of industries. OSHA SLTC requires one Pylon AB7 Portable Radiation
          Monitor system to replace its current radiation monitor (Pylon AB5)
          which has been in service for more than 20 years.
        </div>

        <div
          class="grid-row flex-row text-base-darker font-sans-sm margin-top-4"
          style="justify-content: space-between"
        >
          <div class="tablet:grid-col-6 tablet:padding-right-4">
            <div class="margin-bottom-2">
              <div class="margin-0 font-sans-xs text-bold">
                Contracting Office Agency ID
              </div>
              <p class="margin-0 font-sans-xs">1605</p>
            </div>
            <div class="margin-bottom-2">
              <div class="margin-0 font-sans-xs text-bold">
                Funding Agency ID
              </div>
              <p class="margin-0 font-sans-xs">1650</p>
            </div>
            <div class="margin-bottom-2">
              <div class="margin-0 font-sans-xs text-bold">
                Procurement Stage
              </div>
              <p class="margin-0 font-sans-xs">Pre-Solicitation</p>
            </div>
            <div class="margin-bottom-2">
              <div class="margin-0 font-sans-xs text-bold">
                North American Industry Classification System (NAICS)
              </div>
              <p class="margin-0 font-sans-xs">334519</p>
            </div>
            <div class="margin-bottom-2 margin-right-2">
              <div class="margin-0 font-sans-xs text-bold">
                Did / Will the solicitation include one of the standard BAA
                provisions (e.g., 52-225-1, Buy American- Supplies, 52.225–9,
                Buy American—Construction Materials) announcing the agency’s
                intention to provide a price preference for domestic end
                products and construction material?
              </div>
              <p class="margin-0 font-sans-xs">Yes</p>
            </div>
          </div>
          <!-- end col 1 -->
          <div class="tablet:grid-col-6">
            <div class="margin-bottom-2">
              <div class="margin-0 font-sans-xs text-bold">
                Contracting Office Agency Name
              </div>
              <p class="margin-0 font-sans-xs">
                Office of the Assistant Secretary for Administration and
                Management
              </p>
            </div>
            <div class="margin-bottom-2">
              <div class="margin-0 font-sans-xs text-bold">
                Funding Agency Name
              </div>
              <p class="margin-0 font-sans-xs">
                Occupational Safety and Health Administration
              </p>
            </div>
            <div class="margin-bottom-2">
              <div class="margin-0 font-sans-xs text-bold">
                Expected Maximum Duration of the Requested Waiver
              </div>
              <p class="margin-0 font-sans-xs">Instant Delivery Only</p>
            </div>
            <div class="margin-bottom-2">
              <div class="margin-0 font-sans-xs text-bold">
                Was a sources sought or Request for Information issued?
              </div>
              <p class="margin-0 font-sans-xs">No</p>
            </div>
            <div class="margin-bottom-2">
              <div class="margin-0 font-sans-xs text-bold">
                Waiver Rationale Summary
              </div>
              <p class="margin-0 font-sans-xs">
                The Pylon AB7 is the only portable radiation monitor that meets
                OSHA s requirement for evaluating airborne radon concentration
                in real-time. The Pylon AB7 is not produced in the U.S., and a
                formal market analysis revealed there is no comparable product
                produced in the U.S.
              </p>
            </div>
            <div class="margin-bottom-2">
              <div class="margin-0 font-sans-xs text-bold">Waiver Coverage</div>
              <p class="margin-0 font-sans-xs">Individual Waiver</p>
            </div>
          </div>
        </div>
      </div>
    </div>
    <!-- end accordion item -->

    <div></div>

    <!-- start accordion item -->
    <div
      class="usa-accordion__heading waiver border border-base-lighter radius-sm"
    >
      <button
        class="usa-accordion__button bg-transparent padding-x-6 padding-y-3 text-base-darker"
        aria-expanded="false"
        aria-controls="6636"
      >
        <div class="grid-row flex-row">
          <div class="desktop:grid-col-4 desktop:margin-right-4 margin-y-1">
            <p class="margin-0"><b>Procurement Title</b></p>
            <p class="margin-0 text-normal">
              Powered Air Purifying Respirator (PAPR) and HEPA filter.
            </p>
          </div>
          <div class="desktop:grid-col-4 desktop:margin-right-4 margin-y-1 ">
            <p class="margin-0"><b>Contracting Office Agency Name</b></p>
            <p class="margin-0 text-normal">
              Office of the Assistant Secretary for Administration and
              Management
            </p>
          </div>
          <div class="desktop:grid-col-3 margin-y-1">
            <p class="margin-0"><b>Product Service Code (PSC)</b></p>
            <p class="margin-0 text-normal">6636</p>
          </div>
        </div>
      </button>
    </div>
    <div
      id="6636"
      class="usa-accordion__content usa-prose border border-base-lighter radius-sm"
    >
      <div
        class="usa-prose padding-x-4 text-base-darker font-sans-sm margin-bottom-2"
      >
        <div class="margin-0 font-sans-lg text-bold">
          Summary of Procurement
        </div>
        <div class="margin-0 font-sans-xs">
          This is a request to purchase Powered Air Purifying Respirator (PAPR)
          and HEPA filter.
        </div>

        <div
          class="grid-row flex-row text-base-darker font-sans-sm margin-top-4"
          style="justify-content: space-between"
        >
          <div class="tablet:grid-col-6 tablet:padding-right-4">
            <div class="margin-bottom-2">
              <div class="margin-0 font-sans-xs text-bold">
                Contracting Office Agency ID
              </div>
              <p class="margin-0 font-sans-xs">1605</p>
            </div>
            <div class="margin-bottom-2">
              <div class="margin-0 font-sans-xs text-bold">
                Funding Agency ID
              </div>
              <p class="margin-0 font-sans-xs">1650</p>
            </div>
            <div class="margin-bottom-2">
              <div class="margin-0 font-sans-xs text-bold">
                Procurement Stage
              </div>
              <p class="margin-0 font-sans-xs">Pre-Solicitation</p>
            </div>
            <div class="margin-bottom-2">
              <div class="margin-0 font-sans-xs text-bold">
                North American Industry Classification System (NAICS)
              </div>
              <p class="margin-0 font-sans-xs">334519</p>
            </div>
            <div class="margin-bottom-2 margin-right-2">
              <div class="margin-0 font-sans-xs text-bold">
                Did / Will the solicitation include one of the standard BAA
                provisions (e.g., 52-225-1, Buy American- Supplies, 52.225–9,
                Buy American—Construction Materials) announcing the agency’s
                intention to provide a price preference for domestic end
                products and construction material?
              </div>
              <p class="margin-0 font-sans-xs">Yes</p>
            </div>
          </div>
          <!-- end col 1 -->
          <div class="tablet:grid-col-6">
            <div class="margin-bottom-2">
              <div class="margin-0 font-sans-xs text-bold">
                Contracting Office Agency Name
              </div>
              <p class="margin-0 font-sans-xs">
                Office of the Assistant Secretary for Administration and
                Management
              </p>
            </div>
            <div class="margin-bottom-2">
              <div class="margin-0 font-sans-xs text-bold">
                Funding Agency Name
              </div>
              <p class="margin-0 font-sans-xs">
                Occupational Safety and Health Administration
              </p>
            </div>
            <div class="margin-bottom-2">
              <div class="margin-0 font-sans-xs text-bold">
                Expected Maximum Duration of the Requested Waiver
              </div>
              <p class="margin-0 font-sans-xs">Instant Delivery Only</p>
            </div>
            <div class="margin-bottom-2">
              <div class="margin-0 font-sans-xs text-bold">
                Was a sources sought or Request for Information issued?
              </div>
              <p class="margin-0 font-sans-xs">No</p>
            </div>
            <div class="margin-bottom-2">
              <div class="margin-0 font-sans-xs text-bold">
                Waiver Rationale Summary
              </div>
              <p class="margin-0 font-sans-xs">
                Powered Air Purifying Respoirator (PAPR) and HEPA filter were
                found that meet CTC's requirements, but there were no products
                manufactured domestically. The proposed models are manufactured
                by 3M, a U.S. based company, however, their products are
                manufactured in Poland and Canada, respectively.
              </p>
            </div>
            <div class="margin-bottom-2">
              <div class="margin-0 font-sans-xs text-bold">Waiver Coverage</div>
              <p class="margin-0 font-sans-xs">Individual Waiver</p>
            </div>
          </div>
        </div>
      </div>
    </div>
    <!-- end accordion item -->

    <div></div>

    <!-- start accordion item -->
    <div
      class="usa-accordion__heading waiver border border-base-lighter radius-sm"
    >
      <button
        class="usa-accordion__button bg-transparent padding-x-6 padding-y-3 text-base-darker"
        aria-expanded="false"
        aria-controls="6630"
      >
        <div class="grid-row flex-row">
          <div class="desktop:grid-col-4 desktop:margin-right-4 margin-y-1">
            <p class="margin-0"><b>Procurement Title</b></p>
            <p class="margin-0 text-normal">
              Procurement of Fourier Transformation Infrared (FTIR) Spectroscopy
              Analyzer
            </p>
          </div>
          <div class="desktop:grid-col-4 desktop:margin-right-4 margin-y-1 ">
            <p class="margin-0"><b>Contracting Office Agency Name</b></p>
            <p class="margin-0 text-normal">
              Office of the Assistant Secretary for Administration and
              Management
            </p>
          </div>
          <div class="desktop:grid-col-3 margin-y-1">
            <p class="margin-0"><b>Product Service Code (PSC)</b></p>
            <p class="margin-0 text-normal">6630</p>
          </div>
        </div>
      </button>
    </div>
    <div
      id="6630"
      class="usa-accordion__content usa-prose border border-base-lighter radius-sm"
    >
      <div
        class="usa-prose padding-x-4 text-base-darker font-sans-sm margin-bottom-2"
      >
        <div class="margin-0 font-sans-lg text-bold">
          Summary of Procurement
        </div>
        <div class="margin-0 font-sans-xs">
          This procurement is for Fourier Transformation Infrared (FTIR)
          Spectroscopy, in support of Occupational Safety and Health
          Administration (OSHA), used for inspections in response to identifying
          unknown chemical hazards.
        </div>

        <div
          class="grid-row flex-row text-base-darker font-sans-sm margin-top-4"
          style="justify-content: space-between"
        >
          <div class="tablet:grid-col-6 tablet:padding-right-4">
            <div class="margin-bottom-2">
              <div class="margin-0 font-sans-xs text-bold">
                Contracting Office Agency ID
              </div>
              <p class="margin-0 font-sans-xs">1605</p>
            </div>
            <div class="margin-bottom-2">
              <div class="margin-0 font-sans-xs text-bold">
                Funding Agency ID
              </div>
              <p class="margin-0 font-sans-xs">1650</p>
            </div>
            <div class="margin-bottom-2">
              <div class="margin-0 font-sans-xs text-bold">
                Procurement Stage
              </div>
              <p class="margin-0 font-sans-xs">Pre-Solicitation</p>
            </div>
            <div class="margin-bottom-2">
              <div class="margin-0 font-sans-xs text-bold">
                North American Industry Classification System (NAICS)
              </div>
              <p class="margin-0 font-sans-xs">334513</p>
            </div>
            <div class="margin-bottom-2 margin-right-2">
              <div class="margin-0 font-sans-xs text-bold">
                Did / Will the solicitation include one of the standard BAA
                provisions (e.g., 52-225-1, Buy American- Supplies, 52.225–9,
                Buy American—Construction Materials) announcing the agency’s
                intention to provide a price preference for domestic end
                products and construction material?
              </div>
              <p class="margin-0 font-sans-xs">Yes</p>
            </div>
          </div>
          <!-- end col 1 -->
          <div class="tablet:grid-col-6">
            <div class="margin-bottom-2">
              <div class="margin-0 font-sans-xs text-bold">
                Contracting Office Agency Name
              </div>
              <p class="margin-0 font-sans-xs">
                Office of the Assistant Secretary for Administration and
                Management
              </p>
            </div>
            <div class="margin-bottom-2">
              <div class="margin-0 font-sans-xs text-bold">
                Funding Agency Name
              </div>
              <p class="margin-0 font-sans-xs">
                Occupational Safety an Health Administration
              </p>
            </div>
            <div class="margin-bottom-2">
              <div class="margin-0 font-sans-xs text-bold">
                Expected Maximum Duration of the Requested Waiver
              </div>
              <p class="margin-0 font-sans-xs">Instant Delivery Only</p>
            </div>
            <div class="margin-bottom-2">
              <div class="margin-0 font-sans-xs text-bold">
                Was a sources sought or Request for Information issued?
              </div>
              <p class="margin-0 font-sans-xs">No</p>
            </div>
            <div class="margin-bottom-2">
              <div class="margin-0 font-sans-xs text-bold">
                Waiver Rationale Summary
              </div>
              <p class="margin-0 font-sans-xs">
                The FTIR is a unique piece of equipment. While there are other
                types of this instrument produced, they cannot perform the same
                functuon across multiple analyses or in variable atmospheric
                conditions meanint they are unable to detect a wide variety of
                gases and vapors simultaneously.
              </p>
            </div>
            <div class="margin-bottom-2">
              <div class="margin-0 font-sans-xs text-bold">Waiver Coverage</div>
              <p class="margin-0 font-sans-xs">Individual Waiver</p>
            </div>
          </div>
        </div>
      </div>
    </div>
    <!-- end accordion item -->

    <div></div>

    <!-- start accordion item -->
    <div
      class="usa-accordion__heading waiver border border-base-lighter radius-sm"
    >
      <button
        class="usa-accordion__button bg-transparent padding-x-6 padding-y-3 text-base-darker"
        aria-expanded="false"
        aria-controls="7520"
      >
        <div class="grid-row flex-row">
          <div class="desktop:grid-col-4 desktop:margin-right-4 margin-y-1">
            <p class="margin-0"><b>Procurement Title</b></p>
            <p class="margin-0 text-normal">
              Brand Name Kensington BlackBelt Rugged Cases for Surface Pro with
              a common access card (CAC) Reader
            </p>
          </div>
          <div class="desktop:grid-col-4 desktop:margin-right-4 margin-y-1 ">
            <p class="margin-0"><b>Contracting Office Agency Name</b></p>
            <p class="margin-0 text-normal">
              Office of the Assistant Secretary for Administration and
              Management
            </p>
          </div>
          <div class="desktop:grid-col-3 margin-y-1">
            <p class="margin-0"><b>Product Service Code (PSC)</b></p>
            <p class="margin-0 text-normal">7520</p>
          </div>
        </div>
      </button>
    </div>
    <div
      id="7520"
      class="usa-accordion__content usa-prose border border-base-lighter radius-sm"
    >
      <div
        class="usa-prose padding-x-4 text-base-darker font-sans-sm margin-bottom-2"
      >
        <div class="margin-0 font-sans-lg text-bold">
          Summary of Procurement
        </div>
        <div class="margin-0 font-sans-xs">
          The Bureau of Labor Statistics (BLS) Division of Technology and
          Network Management (DTNM) needs to procure Kensington BlackBelt Rugged
          Cases for Surface Pro with a CAC Reader to replace cases for tablets
          that are used in the field.
        </div>

        <div
          class="grid-row flex-row text-base-darker font-sans-sm margin-top-4"
          style="justify-content: space-between"
        >
          <div class="tablet:grid-col-6 tablet:padding-right-4">
            <div class="margin-bottom-2">
              <div class="margin-0 font-sans-xs text-bold">
                Contracting Office Agency ID
              </div>
              <p class="margin-0 font-sans-xs">1605</p>
            </div>
            <div class="margin-bottom-2">
              <div class="margin-0 font-sans-xs text-bold">
                Funding Agency ID
              </div>
              <p class="margin-0 font-sans-xs">1625</p>
            </div>
            <div class="margin-bottom-2">
              <div class="margin-0 font-sans-xs text-bold">
                Procurement Stage
              </div>
              <p class="margin-0 font-sans-xs">Pre-Solicitation</p>
            </div>
            <div class="margin-bottom-2">
              <div class="margin-0 font-sans-xs text-bold">
                North American Industry Classification System (NAICS)
              </div>
              <p class="margin-0 font-sans-xs">334118</p>
            </div>
            <div class="margin-bottom-2 margin-right-2">
              <div class="margin-0 font-sans-xs text-bold">
                Did / Will the solicitation include one of the standard BAA
                provisions (e.g., 52-225-1, Buy American- Supplies, 52.225–9,
                Buy American—Construction Materials) announcing the agency’s
                intention to provide a price preference for domestic end
                products and construction material?
              </div>
              <p class="margin-0 font-sans-xs">Yes</p>
            </div>
          </div>
          <!-- end col 1 -->
          <div class="tablet:grid-col-6">
            <div class="margin-bottom-2">
              <div class="margin-0 font-sans-xs text-bold">
                Contracting Office Agency Name
              </div>
              <p class="margin-0 font-sans-xs">
                Office of the Assistant Secretary for Administration and
                Management
              </p>
            </div>
            <div class="margin-bottom-2">
              <div class="margin-0 font-sans-xs text-bold">
                Funding Agency Name
              </div>
              <p class="margin-0 font-sans-xs">
                Bureau of Labor Statistics
              </p>
            </div>
            <div class="margin-bottom-2">
              <div class="margin-0 font-sans-xs text-bold">
                Expected Maximum Duration of the Requested Waiver
              </div>
              <p class="margin-0 font-sans-xs">0 - 6 Months</p>
            </div>
            <div class="margin-bottom-2">
              <div class="margin-0 font-sans-xs text-bold">
                Was a sources sought or Request for Information issued?
              </div>
              <p class="margin-0 font-sans-xs">No</p>
            </div>
            <div class="margin-bottom-2">
              <div class="margin-0 font-sans-xs text-bold">
                Waiver Rationale Summary
              </div>
              <p class="margin-0 font-sans-xs">
                Extensive market research has been conducted by reviewing
                available products within the General Services Administration
                (GSA), Multiple Award Schedule (MAS), National Aeronautics and
                Space Administration (NASA) Scientific and Engineering
                Workstation Procurement (SEWP), and Government-wide Acquisition
                Contract (GWAC). There are only two Microsoft Surface Pro cases
                on the market that can meet the Consumer Price Index (CPI)
                Office of Field Operations (OFO) requirements: the Kensington
                BlackBelt Rugged Case and the Griffin Survivor Security Case.
                Per GSA Advantage, neither of these cases are manufactured
                within the United States as both cases originate in Taiwan.
              </p>
            </div>
            <div class="margin-bottom-2">
              <div class="margin-0 font-sans-xs text-bold">Waiver Coverage</div>
              <p class="margin-0 font-sans-xs">Individual Waiver</p>
            </div>
          </div>
        </div>
      </div>
    </div>
    <!-- end accordion item -->

    <div></div>

    <!-- start accordion item -->
    <div
      class="usa-accordion__heading waiver border border-base-lighter radius-sm"
    >
      <button
        class="usa-accordion__button bg-transparent padding-x-6 padding-y-3 text-base-darker"
        aria-expanded="false"
        aria-controls="6640"
      >
        <div class="grid-row flex-row">
          <div class="desktop:grid-col-4 desktop:margin-right-4 margin-y-1">
            <p class="margin-0"><b>Procurement Title</b></p>
            <p class="margin-0 text-normal">
              Procurement of Fluke Laser Distance Meters
            </p>
          </div>
          <div class="desktop:grid-col-4 desktop:margin-right-4 margin-y-1 ">
            <p class="margin-0"><b>Contracting Office Agency Name</b></p>
            <p class="margin-0 text-normal">
              Office of the Assistant Secretary for Administration and
              Management
            </p>
          </div>
          <div class="desktop:grid-col-3 margin-y-1">
            <p class="margin-0"><b>Product Service Code (PSC)</b></p>
            <p class="margin-0 text-normal">6640</p>
          </div>
        </div>
      </button>
    </div>
    <div
      id="6640"
      class="usa-accordion__content usa-prose border border-base-lighter radius-sm"
    >
      <div
        class="usa-prose padding-x-4 text-base-darker font-sans-sm margin-bottom-2"
      >
        <div class="margin-0 font-sans-lg text-bold">
          Summary of Procurement
        </div>
        <div class="margin-0 font-sans-xs">
          The OSHA Cincinnati Technical Center (CTC) has identified a
          requirement for (52) Fluke 424D laser distance meters for OSHA field
          office enforcement inspections.
        </div>

        <div
          class="grid-row flex-row text-base-darker font-sans-sm margin-top-4"
          style="justify-content: space-between"
        >
          <div class="tablet:grid-col-6 tablet:padding-right-4">
            <div class="margin-bottom-2">
              <div class="margin-0 font-sans-xs text-bold">
                Contracting Office Agency ID
              </div>
              <p class="margin-0 font-sans-xs">1605</p>
            </div>
            <div class="margin-bottom-2">
              <div class="margin-0 font-sans-xs text-bold">
                Funding Agency ID
              </div>
              <p class="margin-0 font-sans-xs">1650</p>
            </div>
            <div class="margin-bottom-2">
              <div class="margin-0 font-sans-xs text-bold">
                Procurement Stage
              </div>
              <p class="margin-0 font-sans-xs">Pre-Solicitation</p>
            </div>
            <div class="margin-bottom-2">
              <div class="margin-0 font-sans-xs text-bold">
                North American Industry Classification System (NAICS)
              </div>
              <p class="margin-0 font-sans-xs">334519</p>
            </div>
            <div class="margin-bottom-2 margin-right-2">
              <div class="margin-0 font-sans-xs text-bold">
                Did / Will the solicitation include one of the standard BAA
                provisions (e.g., 52-225-1, Buy American- Supplies, 52.225–9,
                Buy American—Construction Materials) announcing the agency’s
                intention to provide a price preference for domestic end
                products and construction material?
              </div>
              <p class="margin-0 font-sans-xs">Yes</p>
            </div>
          </div>
          <!-- end col 1 -->
          <div class="tablet:grid-col-6">
            <div class="margin-bottom-2">
              <div class="margin-0 font-sans-xs text-bold">
                Contracting Office Agency Name
              </div>
              <p class="margin-0 font-sans-xs">
                Office of the Assistant Secretary for Administration and
                Management
              </p>
            </div>
            <div class="margin-bottom-2">
              <div class="margin-0 font-sans-xs text-bold">
                Funding Agency Name
              </div>
              <p class="margin-0 font-sans-xs">
                Occupational Safety an Health Administration
              </p>
            </div>
            <div class="margin-bottom-2">
              <div class="margin-0 font-sans-xs text-bold">
                Expected Maximum Duration of the Requested Waiver
              </div>
              <p class="margin-0 font-sans-xs">Instant Delivery Only</p>
            </div>
            <div class="margin-bottom-2">
              <div class="margin-0 font-sans-xs text-bold">
                Was a sources sought or Request for Information issued?
              </div>
              <p class="margin-0 font-sans-xs">No</p>
            </div>
            <div class="margin-bottom-2">
              <div class="margin-0 font-sans-xs text-bold">
                Waiver Rationale Summary
              </div>
              <p class="margin-0 font-sans-xs">
                Multiple distance meters are available however, none of these
                meet the CTC requirements. OSHA has equiment of this make and
                model throughout the agency. The agency possess institutional
                knowledge, training and experience to service the equipment on
                the agency's behalf, without incurring additional costs.
              </p>
            </div>
            <div class="margin-bottom-2">
              <div class="margin-0 font-sans-xs text-bold">Waiver Coverage</div>
              <p class="margin-0 font-sans-xs">Individual Waiver</p>
            </div>
          </div>
        </div>
      </div>
    </div>
    <!-- end accordion item -->

    <div></div>

    <!-- start accordion item -->
    <div
      class="usa-accordion__heading waiver border border-base-lighter radius-sm"
    >
      <button
        class="usa-accordion__button bg-transparent padding-x-6 padding-y-3 text-base-darker"
        aria-expanded="false"
        aria-controls="5985"
      >
        <div class="grid-row flex-row">
          <div class="desktop:grid-col-4 desktop:margin-right-4 margin-y-1">
            <p class="margin-0"><b>Procurement Title</b></p>
            <p class="margin-0 text-normal">
              IDC under SAT, repair part
            </p>
          </div>
          <div class="desktop:grid-col-4 desktop:margin-right-4 margin-y-1 ">
            <p class="margin-0"><b>Contracting Office Agency Name</b></p>
            <p class="margin-0 text-normal">
              Defense Logistics Agency - Land and Maritime
            </p>
          </div>
          <div class="desktop:grid-col-3 margin-y-1">
            <p class="margin-0"><b>Product Service Code (PSC)</b></p>
            <p class="margin-0 text-normal">5985</p>
          </div>
        </div>
      </button>
    </div>
    <div
      id="5985"
      class="usa-accordion__content usa-prose border border-base-lighter radius-sm"
    >
      <div
        class="usa-prose padding-x-4 text-base-darker font-sans-sm margin-bottom-2"
      >
        <div class="margin-0 font-sans-lg text-bold">
          Summary of Procurement
        </div>
        <div class="margin-0 font-sans-xs">
          This item is code and Part Number (PN) with only 2
          approved/technically acceptable sources (cage 4H538 and 06090). All
          offeors quoted CAGE 06090 which imports materials from Mexico.
        </div>

        <div
          class="grid-row flex-row text-base-darker font-sans-sm margin-top-4"
          style="justify-content: space-between"
        >
          <div class="tablet:grid-col-6 tablet:padding-right-4">
            <div class="margin-bottom-2">
              <div class="margin-0 font-sans-xs text-bold">
                Contracting Office Agency ID
              </div>
              <p class="margin-0 font-sans-xs">DLA Land and Maritime</p>
            </div>
            <div class="margin-bottom-2">
              <div class="margin-0 font-sans-xs text-bold">
                Funding Agency ID
              </div>
              <p class="margin-0 font-sans-xs">DLA L&amp;M</p>
            </div>
            <div class="margin-bottom-2">
              <div class="margin-0 font-sans-xs text-bold">
                Procurement Stage
              </div>
              <p class="margin-0 font-sans-xs">Post-Solicitation</p>
            </div>
            <div class="margin-bottom-2">
              <div class="margin-0 font-sans-xs text-bold">
                North American Industry Classification System (NAICS)
              </div>
              <p class="margin-0 font-sans-xs">NA</p>
            </div>
            <div class="margin-bottom-2 margin-right-2">
              <div class="margin-0 font-sans-xs text-bold">
                Did / Will the solicitation include one of the standard BAA
                provisions (e.g., 52-225-1, Buy American- Supplies, 52.225–9,
                Buy American—Construction Materials) announcing the agency’s
                intention to provide a price preference for domestic end
                products and construction material?
              </div>
              <p class="margin-0 font-sans-xs">Yes</p>
            </div>
          </div>
          <!-- end col 1 -->
          <div class="tablet:grid-col-6">
            <div class="margin-bottom-2">
              <div class="margin-0 font-sans-xs text-bold">
                Contracting Office Agency Name
              </div>
              <p class="margin-0 font-sans-xs">
                Defense Logistics Agency - Land and Maritime
              </p>
            </div>
            <div class="margin-bottom-2">
              <div class="margin-0 font-sans-xs text-bold">
                Funding Agency Name
              </div>
              <p class="margin-0 font-sans-xs">
                DLA Land and Maritime
              </p>
            </div>
            <div class="margin-bottom-2">
              <div class="margin-0 font-sans-xs text-bold">
                Expected Maximum Duration of the Requested Waiver
              </div>
              <p class="margin-0 font-sans-xs">Between 6 Months and 1 Year</p>
            </div>
            <div class="margin-bottom-2">
              <div class="margin-0 font-sans-xs text-bold">
                Was a sources sought or Request for Information issued?
              </div>
              <p class="margin-0 font-sans-xs">No</p>
            </div>
            <div class="margin-bottom-2">
              <div class="margin-0 font-sans-xs text-bold">
                Waiver Rationale Summary
              </div>
              <p class="margin-0 font-sans-xs">
                All offerors responding to this competitive solicitation quoated
                a PN that is considered a part out of Mexico. There are no other
                alternatives.
              </p>
            </div>
            <div class="margin-bottom-2">
              <div class="margin-0 font-sans-xs text-bold">Waiver Coverage</div>
              <p class="margin-0 font-sans-xs">Individual Waiver</p>
            </div>
          </div>
        </div>
      </div>
    </div>
    <!-- end accordion item -->

    <div></div>

    <!-- start accordion item -->
    <div
      class="usa-accordion__heading waiver border border-base-lighter radius-sm"
    >
      <button
        class="usa-accordion__button bg-transparent padding-x-6 padding-y-3 text-base-darker"
        aria-expanded="false"
        aria-controls="9420"
      >
        <div class="grid-row flex-row">
          <div class="desktop:grid-col-4 desktop:margin-right-4 margin-y-1">
            <p class="margin-0"><b>Procurement Title</b></p>
            <p class="margin-0 text-normal">
              Rayon
            </p>
          </div>
          <div class="desktop:grid-col-4 desktop:margin-right-4 margin-y-1 ">
            <p class="margin-0"><b>Contracting Office Agency Name</b></p>
            <p class="margin-0 text-normal">
              Defense Logistics Agency - Contract Service Office
            </p>
          </div>
          <div class="desktop:grid-col-3 margin-y-1">
            <p class="margin-0"><b>Product Service Code (PSC)</b></p>
            <p class="margin-0 text-normal">9420</p>
          </div>
        </div>
      </button>
    </div>
    <div
      id="9420"
      class="usa-accordion__content usa-prose border border-base-lighter radius-sm"
    >
      <div
        class="usa-prose padding-x-4 text-base-darker font-sans-sm margin-bottom-2"
      >
        <div class="margin-0 font-sans-lg text-bold">
          Summary of Procurement
        </div>
        <div class="margin-0 font-sans-xs">ENKA 300/60 AS Select rayon</div>

        <div
          class="grid-row flex-row text-base-darker font-sans-sm margin-top-4"
          style="justify-content: space-between"
        >
          <div class="tablet:grid-col-6 tablet:padding-right-4">
            <div class="margin-bottom-2">
              <div class="margin-0 font-sans-xs text-bold">
                Contracting Office Agency ID
              </div>
              <p class="margin-0 font-sans-xs">DLA DCSO</p>
            </div>
            <div class="margin-bottom-2">
              <div class="margin-0 font-sans-xs text-bold">
                Funding Agency ID
              </div>
              <p class="margin-0 font-sans-xs">DLA SM</p>
            </div>
            <div class="margin-bottom-2">
              <div class="margin-0 font-sans-xs text-bold">
                Procurement Stage
              </div>
              <p class="margin-0 font-sans-xs">Pre-Solicitation</p>
            </div>
            <div class="margin-bottom-2">
              <div class="margin-0 font-sans-xs text-bold">
                North American Industry Classification System (NAICS)
              </div>
              <p class="margin-0 font-sans-xs">325220</p>
            </div>
            <div class="margin-bottom-2 margin-right-2">
              <div class="margin-0 font-sans-xs text-bold">
                Did / Will the solicitation include one of the standard BAA
                provisions (e.g., 52-225-1, Buy American- Supplies, 52.225–9,
                Buy American—Construction Materials) announcing the agency’s
                intention to provide a price preference for domestic end
                products and construction material?
              </div>
              <p class="margin-0 font-sans-xs">No</p>
            </div>
          </div>
          <!-- end col 1 -->
          <div class="tablet:grid-col-6">
            <div class="margin-bottom-2">
              <div class="margin-0 font-sans-xs text-bold">
                Contracting Office Agency Name
              </div>
              <p class="margin-0 font-sans-xs">
                Defense Logistics Agency - Contract Service Office
              </p>
            </div>
            <div class="margin-bottom-2">
              <div class="margin-0 font-sans-xs text-bold">
                Funding Agency Name
              </div>
              <p class="margin-0 font-sans-xs">
                DLA Strategic Materials
              </p>
            </div>
            <div class="margin-bottom-2">
              <div class="margin-0 font-sans-xs text-bold">
                Expected Maximum Duration of the Requested Waiver
              </div>
              <p class="margin-0 font-sans-xs">N/A</p>
            </div>
            <div class="margin-bottom-2">
              <div class="margin-0 font-sans-xs text-bold">
                Was a sources sought or Request for Information issued?
              </div>
              <p class="margin-0 font-sans-xs">N/A</p>
            </div>
            <div class="margin-bottom-2">
              <div class="margin-0 font-sans-xs text-bold">
                Waiver Rationale Summary
              </div>
              <p class="margin-0 font-sans-xs">N/A</p>
            </div>
            <div class="margin-bottom-2">
              <div class="margin-0 font-sans-xs text-bold">Waiver Coverage</div>
              <p class="margin-0 font-sans-xs">Individual Waiver</p>
            </div>
          </div>
        </div>
      </div>
    </div>
    <!-- end accordion item -->

    <div></div>

    <!-- start accordion item -->
    <div
      class="usa-accordion__heading waiver border border-base-lighter radius-sm"
    >
      <button
        class="usa-accordion__button bg-transparent padding-x-6 padding-y-3 text-base-darker"
        aria-expanded="false"
        aria-controls="8405"
      >
        <div class="grid-row flex-row">
          <div class="desktop:grid-col-4 desktop:margin-right-4 margin-y-1">
            <p class="margin-0"><b>Procurement Title</b></p>
            <p class="margin-0 text-normal">
              TACTICAL PANTS FOR TSA FEDERAL AIR MARSHALS
            </p>
          </div>
          <div class="desktop:grid-col-4 desktop:margin-right-4 margin-y-1 ">
            <p class="margin-0"><b>Contracting Office Agency Name</b></p>
            <p class="margin-0 text-normal">
              Transportation Security Administration
            </p>
          </div>
          <div class="desktop:grid-col-3 margin-y-1">
            <p class="margin-0"><b>Product Service Code (PSC)</b></p>
            <p class="margin-0 text-normal">8405</p>
          </div>
        </div>
      </button>
    </div>
    <div
      id="8405"
      class="usa-accordion__content usa-prose border border-base-lighter radius-sm"
    >
      <div
        class="usa-prose padding-x-4 text-base-darker font-sans-sm margin-bottom-2"
      >
        <div class="margin-0 font-sans-lg text-bold">
          Summary of Procurement
        </div>
        <div class="margin-0 font-sans-xs">
          DELIVERY ORDER FOR UNIFORM ITEMS, I.E., TACTICAL PANTS FOR TSA FEDERAL
          AIR MARSHALS
        </div>

        <div
          class="grid-row flex-row text-base-darker font-sans-sm margin-top-4"
          style="justify-content: space-between"
        >
          <div class="tablet:grid-col-6 tablet:padding-right-4">
            <div class="margin-bottom-2">
              <div class="margin-0 font-sans-xs text-bold">
                Contracting Office Agency ID
              </div>
              <p class="margin-0 font-sans-xs">7013</p>
            </div>
            <div class="margin-bottom-2">
              <div class="margin-0 font-sans-xs text-bold">
                Funding Agency ID
              </div>
              <p class="margin-0 font-sans-xs">7013</p>
            </div>
            <div class="margin-bottom-2">
              <div class="margin-0 font-sans-xs text-bold">
                Procurement Stage
              </div>
              <p class="margin-0 font-sans-xs">Post-Solicitation</p>
            </div>
            <div class="margin-bottom-2">
              <div class="margin-0 font-sans-xs text-bold">
                North American Industry Classification System (NAICS)
              </div>
              <p class="margin-0 font-sans-xs">424320</p>
            </div>
            <div class="margin-bottom-2 margin-right-2">
              <div class="margin-0 font-sans-xs text-bold">
                Did / Will the solicitation include one of the standard BAA
                provisions (e.g., 52-225-1, Buy American- Supplies, 52.225–9,
                Buy American—Construction Materials) announcing the agency’s
                intention to provide a price preference for domestic end
                products and construction material?
              </div>
              <p class="margin-0 font-sans-xs">Yes</p>
            </div>
          </div>
          <!-- end col 1 -->
          <div class="tablet:grid-col-6">
            <div class="margin-bottom-2">
              <div class="margin-0 font-sans-xs text-bold">
                Contracting Office Agency Name
              </div>
              <p class="margin-0 font-sans-xs">
                Transportation Security Administration
              </p>
            </div>
            <div class="margin-bottom-2">
              <div class="margin-0 font-sans-xs text-bold">
                Funding Agency Name
              </div>
              <p class="margin-0 font-sans-xs">
                Transportation Security Administration
              </p>
            </div>
            <div class="margin-bottom-2">
              <div class="margin-0 font-sans-xs text-bold">
                Expected Maximum Duration of the Requested Waiver
              </div>
              <p class="margin-0 font-sans-xs">N/A</p>
            </div>
            <div class="margin-bottom-2">
              <div class="margin-0 font-sans-xs text-bold">
                Was a sources sought or Request for Information issued?
              </div>
              <p class="margin-0 font-sans-xs">N/A</p>
            </div>
            <div class="margin-bottom-2">
              <div class="margin-0 font-sans-xs text-bold">
                Waiver Rationale Summary
              </div>
              <p class="margin-0 font-sans-xs">N/A</p>
            </div>
            <div class="margin-bottom-2">
              <div class="margin-0 font-sans-xs text-bold">Waiver Coverage</div>
              <p class="margin-0 font-sans-xs">Multi-Procurement Waiver</p>
            </div>
          </div>
        </div>
      </div>
    </div>
    <!-- end accordion item -->

    <div></div>

    <!-- start accordion item -->
    <div
      class="usa-accordion__heading waiver border border-base-lighter radius-sm"
    >
      <button
        class="usa-accordion__button bg-transparent padding-x-6 padding-y-3 text-base-darker"
        aria-expanded="false"
        aria-controls="9620"
      >
        <div class="grid-row flex-row">
          <div class="desktop:grid-col-4 desktop:margin-right-4 margin-y-1">
            <p class="margin-0"><b>Procurement Title</b></p>
            <p class="margin-0 text-normal">
              Cerium Carbonate Powder
            </p>
          </div>
          <div class="desktop:grid-col-4 desktop:margin-right-4 margin-y-1 ">
            <p class="margin-0"><b>Contracting Office Agency Name</b></p>
            <p class="margin-0 text-normal">
              Defense Logistics Agency - Contract Services Office
            </p>
          </div>
          <div class="desktop:grid-col-3 margin-y-1">
            <p class="margin-0"><b>Product Service Code (PSC)</b></p>
            <p class="margin-0 text-normal">9620</p>
          </div>
        </div>
      </button>
    </div>
    <div
      id="9620"
      class="usa-accordion__content usa-prose border border-base-lighter radius-sm"
    >
      <div
        class="usa-prose padding-x-4 text-base-darker font-sans-sm margin-bottom-2"
      >
        <div class="margin-0 font-sans-lg text-bold">
          Summary of Procurement
        </div>
        <div class="margin-0 font-sans-xs">
          The DLA Contracting Services Office - Fort Belvoir (DCSO-F2), proposes
          to purchase1,662 metric tons (MT) of Cerium Carbonate Powder. The
          estimated annual delivery schedule of 416 MT is valued at
          $2,220,854.00. The total estimated value is approximately
          $8,883,416.00 over a period of 48-months (one base and 3 option
          periods of 12 months each). The reason for requesting the waiver is
          that Cerium Carbonate meets the definition of a material which is not
          mined, produced, or manufactured in the United States in sufficient
          and reasonably available commercial quantities and of a satisfactory
          quality.
        </div>

        <div
          class="grid-row flex-row text-base-darker font-sans-sm margin-top-4"
          style="justify-content: space-between"
        >
          <div class="tablet:grid-col-6 tablet:padding-right-4">
            <div class="margin-bottom-2">
              <div class="margin-0 font-sans-xs text-bold">
                Contracting Office Agency ID
              </div>
              <p class="margin-0 font-sans-xs">DLA-DCSO</p>
            </div>
            <div class="margin-bottom-2">
              <div class="margin-0 font-sans-xs text-bold">
                Funding Agency ID
              </div>
              <p class="margin-0 font-sans-xs">DLA-SM</p>
            </div>
            <div class="margin-bottom-2">
              <div class="margin-0 font-sans-xs text-bold">
                Procurement Stage
              </div>
              <p class="margin-0 font-sans-xs">Pre-Solicitation</p>
            </div>
            <div class="margin-bottom-2">
              <div class="margin-0 font-sans-xs text-bold">
                North American Industry Classification System (NAICS)
              </div>
              <p class="margin-0 font-sans-xs">325180</p>
            </div>
            <div class="margin-bottom-2 margin-right-2">
              <div class="margin-0 font-sans-xs text-bold">
                Did / Will the solicitation include one of the standard BAA
                provisions (e.g., 52-225-1, Buy American- Supplies, 52.225–9,
                Buy American—Construction Materials) announcing the agency’s
                intention to provide a price preference for domestic end
                products and construction material?
              </div>
              <p class="margin-0 font-sans-xs">No</p>
            </div>
          </div>
          <!-- end col 1 -->
          <div class="tablet:grid-col-6">
            <div class="margin-bottom-2">
              <div class="margin-0 font-sans-xs text-bold">
                Contracting Office Agency Name
              </div>
              <p class="margin-0 font-sans-xs">
                Defense Logistics Agency - Contract Services Office
              </p>
            </div>
            <div class="margin-bottom-2">
              <div class="margin-0 font-sans-xs text-bold">
                Funding Agency Name
              </div>
              <p class="margin-0 font-sans-xs">
                DLA Strategic Materials
              </p>
            </div>
            <div class="margin-bottom-2">
              <div class="margin-0 font-sans-xs text-bold">
                Expected Maximum Duration of the Requested Waiver
              </div>
              <p class="margin-0 font-sans-xs">N/A</p>
            </div>
            <div class="margin-bottom-2">
              <div class="margin-0 font-sans-xs text-bold">
                Was a sources sought or Request for Information issued?
              </div>
              <p class="margin-0 font-sans-xs">N/A</p>
            </div>
            <div class="margin-bottom-2">
              <div class="margin-0 font-sans-xs text-bold">
                Waiver Rationale Summary
              </div>
              <p class="margin-0 font-sans-xs">N/A</p>
            </div>
            <div class="margin-bottom-2">
              <div class="margin-0 font-sans-xs text-bold">Waiver Coverage</div>
              <p class="margin-0 font-sans-xs">Individual Waiver</p>
            </div>
          </div>
        </div>
      </div>
    </div>
    <!-- end accordion item -->
  </div>

  <div
    class="bg-primary-lighter padding-x-6 padding-y-4 radius-md margin-top-5"
  >
    <div class="margin-bottom-1">
      <img alt="sam gov mark" src="/assets/sam-gov-logo.png" />
    </div>

    <div
      class="grid-row flex-row flex-align-end"
      style="justify-content: space-between"
    >
      <div>
        <h2 class="font-sans-xl text-primary margin-0 line-height-alt-2">
          Buy American Historical Waivers
        </h2>
        <h3 class="text-normal font-sans-lg margin-0">
          Visit SAM.gov to learn more about Buy American Historical Waivers
        </h3>
      </div>

      <a
        class="usa-button height-5 margin-top-2 margin-right-0"
        rel="noreferrer"
        target="_blank"
        href="https://sam.gov/data-services/Contract%20Opportunities/Buy%20American%20Act?privacy=Public"
      >
        View Historical Waivers
      </a>
    </div>
  </div>

  <div class="margin-top-4">
    If you have any questions about waivers from Made in America laws, please
    reach out to the Made in America Office at
    <a
      class="usa-link text-no-underline"
      href="mailto:MadeInAmerica@omb.eop.gov"
      >MadeInAmerica@omb.eop.gov</a
    >.
  </div>
</main>
`;

exports[`dom snapshot > toMatchSnapshot #8`] = `
<main id="main-content" style="scroll-behavior: smooth;">
  <section class="usa-hero">
    <div class="grid-container"></div>
  </section>

  <section class="grid-container usa-section">
    <div
      class="grid-row grid-gap text-base-darker"
      style="justify-content: space-between;"
    >
      <div>
        <h1 class="font-heading-2xl font-family-sans margin-0 margin-bottom-3">
          Made in America
        </h1>
        <h2 class="font-body-lg text-normal margin-0">
          When the U.S. government spends your tax dollars on American goods, we
          ensure our future is made in America.
        </h2>
        <p class="usa-prose">
          “Made in America” policies are designed to increase reliance on
          domestic supply chains and ultimately reduce the need to spend
          taxpayer dollars on foreign-made goods. The Made in America Office
          (MIAO) will ensure that any waivers from Made in America laws are
          applied clearly, consistently, and transparently across federal
          agencies. The MIAO will analyze the information it gathers from
          waivers to support U.S. manufacturing and more resilient supply
          chains. This site will provide relevant market intelligence to those
          interested in doing business with the U.S. government. By centralizing
          information on past and pending waivers, we aim to maximize
          opportunities for U.S. producers to supply goods and services to the
          federal government.
        </p>
      </div>
    </div>
  </section>

  <section class="bg-primary-darker waiver-section">
    <div class="grid-container usa-section">
      <div class="grid-row grid-gap">
        <div class="tablet:grid-col-7">
          <img alt="collage of images" src="/assets/waivers.png" />
        </div>
        <div class="tablet:grid-col-5 text-base-lightest">
          <h2 class="font-heading-2xl font-family-sans">
            Domestic Preferences Support Agency Missions for the American Public
          </h2>
          <p class="usa-prose">
            Various laws and regulations establish requirements for U.S.
            government procurement and assistance to support American
            manufacturing. Exceptions to these laws and regulations are
            allowable under certain conditions. For example, a waiver or
            exception from the obligation to “Buy American” will be allowed if a
            needed product is not made in the U.S. in sufficient and reasonably
            available commercial quantities of a satisfactory quality or if it
            is made domestically, but not available at a reasonable cost. To
            ensure that waivers from Made in America laws apply clearly,
            consistently, and transparently, agencies will submit proposed
            waivers along with justification to the Made in America Office for
            review.
          </p>
          <a
            class="usa-button usa-button--outline usa-button--inverse width-auto"
            href="/waivers/"
            aria-describedby="waivers-info"
            >Learn More</a
          >
          <div id="waivers-info" class="height-0 width-0" hidden="">
            Learn More about Waivers
          </div>
        </div>
      </div>
    </div>
  </section>

  <section id="gov-business">
    <div class="grid-container usa-section">
      <h2
        class="font-heading-2xl font-family-sans text-primary-dark text-center margin-0 margin-bottom-8"
      >
        Doing Business with the U.S. Government
      </h2>
      <ul class="usa-card-group">
        <li class="desktop:grid-col-4 usa-card">
          <div class="usa-card__container radius-sm border-base-lightest">
            <header class="usa-card__header">
              <h3 class="usa-card__heading font-family-sans text-primary">
                Become a Federal Contractor
              </h3>
            </header>
            <div class="usa-card__media">
              <div class="usa-card__img padding-6 minh-card">
                <img alt="sba mark" src="/assets/sba-logo.png" />
              </div>
            </div>
            <div class="usa-card__body text-base-darker">
              <p>
                The U.S. government seeks to maximize opportunities for small
                and disadvantaged businesses. There are a host of resources and
                free websites with information to help contractors complete the
                registration process and navigate the federal marketplace.
              </p>
              <p>
                The Small Business Administration (SBA.gov) website has lots of
                information for small businesses.
              </p>
            </div>
            <div class="usa-card__footer">
              <a
                class="usa-button usa-button--outline width-full usa-link--external"
                href="https://sba.gov"
                rel="noreferrer"
                target="_blank"
                >Visit SBA.gov</a
              >
            </div>
          </div>
        </li>
        <li class="desktop:grid-col-4 usa-card">
          <div class="usa-card__container radius-sm border-base-lightest">
            <header class="usa-card__header">
              <h3 class="usa-card__heading font-family-sans text-primary">
                Register Your Business
              </h3>
            </header>
            <div class="usa-card__media">
              <div class="usa-card__img padding-6 minh-card">
                <img alt="sam gov mark" src="/assets/sam-gov-logo.png" />
              </div>
            </div>
            <div class="usa-card__body text-base-darker">
              <p>
                Registration at the System for Award Management (SAM.gov) is
                required to do business with the U.S. government.
              </p>
              <ul>
                <li>
                  Update, renew, or check the status of your entity registration
                </li>
                <li>Search for entity registration and exclusion records</li>
              </ul>
            </div>
            <div class="usa-card__footer">
              <a
                class="usa-button usa-button--outline width-full usa-link--external"
                href="https://SAM.gov"
                rel="noreferrer"
                target="_blank"
                >Visit SAM.gov</a
              >
            </div>
          </div>
        </li>
        <li class="desktop:grid-col-4 usa-card">
          <div class="usa-card__container radius-sm border-base-lightest">
            <header class="usa-card__header">
              <h3 class="usa-card__heading font-family-sans text-primary">
                How to Get Started with GSA Schedules
              </h3>
            </header>
            <div class="usa-card__media">
              <div class="usa-card__img padding-5 minh-card">
                <img alt="gsa blue block" src="/assets/gsa-logo.png" />
              </div>
            </div>
            <div class="usa-card__body text-base-darker">
              <p>
                The GSA Schedules program is one of the most popular platforms
                for small and large businesses to reach federal, state, and
                local government agencies. It supports tens of billions in sales
                of commercial products and services annually.
              </p>
            </div>
            <div class="usa-card__footer">
              <a
                class="usa-button usa-button--outline width-full usa-link--external"
                href="https://www.gsa.gov/buying-selling/purchasing-programs/gsa-schedule"
                rel="noreferrer"
                target="_blank"
                aria-describedby="gsa-info"
                >Learn More</a
              >
              <div id="gsa-info" class="height-0 width-0" hidden="">
                Learn More about GSA Schedules
              </div>
            </div>
          </div>
        </li>
        <li class="tablet:grid-col-12 usa-card usa-card--flag">
          <div class="usa-card__container radius-sm border-base-lightest">
            <header class="usa-card__header">
              <h2
                class="usa-card__heading font-heading-2xl font-family-sans text-primary-dark"
              >
                Already a Federal Contractor?
              </h2>
            </header>
            <div class="usa-card__media usa-card__img">
              <img
                alt="Executive Office of the President of the United States mark"
                class="padding-y-3 desktop:padding-0"
                src="/assets/executive_office_ptos.svg"
              />
            </div>
            <div class="usa-card__body text-base-darker">
              <p>
                Have questions about waivers from Made in America laws? Please
                reach out to the Made in America Office.
              </p>
            </div>
            <div class="usa-card__footer">
              <a class="usa-button" href="mailto:MadeInAmerica@omb.eop.gov"
                >Email Us</a
              >
            </div>
          </div>
        </li>
      </ul>
    </div>
  </section>

  <section class="bg-primary-darker">
    <div class="grid-container usa-section">
      <div class="grid-row grid-gap">
        <div
          class="tablet:grid-col-7 order-1 tablet:order-initial text-base-lightest"
        >
          <h2 class="font-heading-2xl font-family-sans">
            Frequently Asked Questions
          </h2>
          <div class="usa-accordion">
            <!-- start accordion item -->
            <h3 class="usa-accordion__heading">
              <button
                class="usa-accordion__button"
                aria-expanded="false"
                aria-controls="faq-1"
              >
                What is the policy behind “Made in America”?
              </button>
            </h3>
            <div
              id="faq-1"
              class="usa-accordion__content usa-prose bg-primary-darker text-base-lightest"
              hidden=""
            >
              <p>
                The new Made in America initiative is the result of a
                <a
                  class="text-base-lightest usa-link--external"
                  href="https://www.whitehouse.gov/briefing-room/presidential-actions/2021/01/25/executive-order-on-ensuring-the-future-is-made-in-all-of-america-by-all-of-americas-workers/"
                  rel="noreferrer"
                  target="_blank"
                >
                  Presidential Executive Order (E.O.) signed Jan. 25, 2021.</a
                >
                The E.O. created the Office of Management and Budget’s (OMB)
                Made in America Office (MIAO) and established a requirement for
                agencies to submit proposed waivers to the MIAO for review. The
                E.O. also directed the creation of this new website for public
                transparency. OMB subsequently issued guidance on
                <a
                  class="text-base-lightest usa-link--external"
                  href="https://www.whitehouse.gov/wp-content/uploads/2021/06/M-21-26.pdf"
                  rel="noreferrer"
                  target="_blank"
                >
                  how to implement the Made in America E.O.</a
                >
                Regulatory actions related to this E.O. are publicly available
                on the
                <a
                  class="text-base-lightest usa-link--external"
                  href="https://www.acquisition.gov/content/far-rule-published-and-open-comment"
                  rel="noreferrer"
                  target="_blank"
                >
                  Acquisition.gov website.</a
                >
              </p>
            </div>
            <!-- end accordion item -->
            <!-- start accordion item -->
            <h3 class="usa-accordion__heading">
              <button
                class="usa-accordion__button"
                aria-expanded="false"
                aria-controls="faq-2"
              >
                What if I want to make comments about a waiver?
              </button>
            </h3>
            <div
              id="faq-2"
              class="usa-accordion__content usa-prose bg-primary-darker text-base-lightest"
              hidden=""
            >
              <p>
                You may submit comments and questions to the OMB Made in America
                Office at
                <a
                  class="text-base-lightest usa-link--external"
                  href="mailto:MadeInAmerica@omb.eop.gov:"
                  rel="noreferrer"
                  target="_blank"
                  >MadeInAmerica@omb.eop.gov.</a
                >
              </p>
            </div>
            <!-- end accordion item -->
            <!-- start accordion item -->
            <h3 class="usa-accordion__heading">
              <button
                class="usa-accordion__button"
                aria-expanded="false"
                aria-controls="faq-3"
              >
                Where can I go to find out more about getting a government
                contract to offer these products?
              </button>
            </h3>
            <div
              id="faq-3"
              class="usa-accordion__content usa-prose bg-primary-darker text-base-lightest"
              hidden=""
            >
              <p>
                Visit our section above on
                <a class="text-base-lightest" href="/#gov-business"
                  >"Doing business with the U.S. government."</a
                >
              </p>
            </div>
            <!-- end accordion item -->
            <!-- start accordion item -->
            <h3 class="usa-accordion__heading">
              <button
                class="usa-accordion__button"
                aria-expanded="false"
                aria-controls="faq-4"
              >
                I saw a non-availability waiver issued for a product I know is
                Made in America. What should I do?
              </button>
            </h3>
            <div
              id="faq-4"
              class="usa-accordion__content usa-prose bg-primary-darker text-base-lightest"
              hidden=""
            >
              <p>
                Provide any comments regarding a waiver to the OMB Made in
                America Office at
                <a
                  class="text-base-lightest usa-link--external"
                  href="mailto:MadeInAmerica@omb.eop.gov"
                  rel="noreferrer"
                  target="_blank"
                  >MadeInAmerica@omb.eop.gov</a
                >.
              </p>
            </div>
            <!-- end accordion item -->
            <!-- start accordion item -->
            <h3 class="usa-accordion__heading">
              <button
                class="usa-accordion__button"
                aria-expanded="false"
                aria-controls="faq-5"
              >
                What is federal procurement and what does it have to do with
                American manufacturing?
              </button>
            </h3>
            <div
              id="faq-5"
              class="usa-accordion__content usa-prose bg-primary-darker text-base-lightest"
              hidden=""
            >
              <p>
                With $600 billion in annual procurement spending, the U.S.
                government is the single largest purchaser of consumer goods in
                the world. Almost half of that amount is spent on manufactured
                products. From helicopter blades to trucks to medicine, it is a
                major buyer in a number of markets for goods and services.
                Ensuring clear, consistent, and transparent implementation of
                Buy American policies will help the U.S. government leverage its
                purchasing power more effectively to advance the competitiveness
                of U.S. industries.
              </p>
            </div>
            <!-- end accordion item -->
            <!-- start accordion item -->
            <h3 class="usa-accordion__heading">
              <button
                class="usa-accordion__button"
                aria-expanded="false"
                aria-controls="faq-6"
              >
                How will the Made in America initiative impact global supply
                chains, especially where we do not make certain products in
                America?
              </button>
            </h3>
            <div
              id="faq-6"
              class="usa-accordion__content usa-prose bg-primary-darker text-base-lightest"
              hidden=""
            >
              <p>
                Strengthening Made in America policies will send clear market
                signals to give suppliers confidence that manufacturing in the
                U.S., with America’s workers, will provide greater
                opportunities. Ensuring Made in America laws are implemented
                clearly and consistently across government will support domestic
                suppliers in the
                <a
                  class="text-base-lightest usa-link--external"
                  href="https://www.whitehouse.gov/briefing-room/presidential-actions/2021/02/24/executive-order-on-americas-supply-chains/"
                  rel="noreferrer"
                  target="_blank"
                  >six critical supply chains</a
                >
                identified by President Biden.
              </p>
            </div>
            <!-- end accordion item -->
            <!-- start accordion item -->
            <h3 class="usa-accordion__heading">
              <button
                class="usa-accordion__button"
                aria-expanded="false"
                aria-controls="faq-7"
              >
                Are Buy America and Buy American the same?
              </button>
            </h3>
            <div
              id="faq-7"
              class="usa-accordion__content usa-prose bg-primary-darker text-base-lightest"
              hidden=""
            >
              <p>
                No. What’s the difference? There is no single “Buy America”
                statute. Rather, there are a number of statutes that require
                those receiving federal assistance to prefer goods, products,
                and materials made in the United States. For example, the
                Federal Transit Administration’s grant-making authority requires
                the steel, iron, and manufactured goods used in projects must be
                produced in the United States. The Buy American Act (BAA) is the
                primary law requiring the federal government to prefer domestic
                goods and manufactured products when making purchasing
                decisions. The BAA and implementing regulations in the
                <a
                  class="text-base-lightest usa-link--external"
                  href="https://www.acquisition.gov/"
                  rel="noreferrer"
                  target="_blank"
                  >Federal Acquisition Regulation</a
                >
                (FAR) provide a two-part test for determining if a product
                qualifies as a domestic end product: (i) the item must be
                manufactured in the United States, and (ii) more than 55 percent
                of the cost of all the component parts must be manufactured in
                the United States. The FAR provides various waivers and
                exceptions to the BAA. By contrast, Buy America laws are
                applicable to federal financial assistance (such as grants), not
                procurement.
              </p>
            </div>
            <!-- end accordion item -->
            <!-- start accordion item -->
            <h3 class="usa-accordion__heading">
              <button
                class="usa-accordion__button"
                aria-expanded="false"
                aria-controls="faq-8"
              >
                I heard that 55% is no longer the threshold to determine if a
                product qualifies under the Buy American rules. Is this true?
              </button>
            </h3>
            <div
              id="faq-8"
              class="usa-accordion__content usa-prose bg-primary-darker text-base-lightest"
              hidden=""
            >
              <p>
                The 55% threshold is currently in effect. On July 30, 2021, the
                FAR Council proposed to increase the content threshold
                requirement immediately to 60%. The Council also suggested
                raising the content threshold to 75% over the next several
                years. Increasing the content threshold percentage is intended
                to strengthen the government’s commitment to American
                manufacturing and make Buy American real. If adopted, the higher
                thresholds will take effect in accordance with timeframes set
                forth in the final rule. Read more about this proposed rule
                <a
                  class="text-base-lightest usa-link--external"
                  href="https://www.whitehouse.gov/omb/briefing-room/2021/07/29/the-future-of-our-economy-depends-on-reinventing-american-manufacturing-and-innovation/"
                  target="blank"
                  >here</a
                >.
              </p>
            </div>
            <!-- end accordion item -->
            <!-- start accordion item -->
            <h3 class="usa-accordion__heading">
              <button
                class="usa-accordion__button"
                aria-expanded="false"
                aria-controls="faq-9"
              >
                I’m looking for information on a particular type of waiver (such
                as an unreasonable cost waiver). Why can’t I find it?
              </button>
            </h3>
            <div
              id="faq-9"
              class="usa-accordion__content usa-prose bg-primary-darker text-base-lightest"
              hidden=""
            >
              <p>
                The creation of the Made in America Office is a first of its
                kind, historic effort to provide consistency and transparency to
                Made in America waivers across the whole of government. The
                process takes time to implement. As the MIAO expands its work,
                you will see the information on this site expand. Please visit
                again soon. You can also reach out to the Made in America Office
                at
                <a
                  class="text-base-lightest usa-link--external"
                  href="mailto:MadeInAmerica@omb.eop.gov"
                  rel="noreferrer"
                  target="_blank"
                  >MadeInAmerica@omb.eop.gov</a
                >.
              </p>
            </div>
            <!-- end accordion item -->
          </div>
        </div>

        <div class="tablet:grid-col-5 order-0 tablet:order-initial">
          <img alt="young woman working in a studio" src="/assets/faqs.jpg" />
        </div>
      </div>
    </div>
  </section>
</main>
`;
